I (318) main: Polysom ESP-IDF starting
I (418) display: Display ready
I (518) main: Reset reason: POWER-ON, boot count 1
I (568) sensors: MMA8451 #0 detected
I (568) sensors: MMA8451 #1 detected
I (578) sensors: LDC1612 detected
I (578) SDP800: product 0x03020201, serial 0x000000008A9CC6E6 - confirmed SDP810-125Pa
I (598) sensors: SDP800 detected
I (598) battery_gauge: Calibration initialized successfully
I (638) sdspi_transaction: cmd=5, R1 response: command not supported
I (788) logger: SD mounted: SC16G 15194 MB
W (828) logger: Recording paths for this timestamp exist; using suffix _003
I (1148) logger: Sidecar written: /sdcard/biometric_1970-01-01_00-00-00_003.json
I (1148) logger: EDF recording started: /sdcard/biometric_1970-01-01_00-00-00_003.edf
I (1148) main: All tasks started
I (1148) main_task: Returned from app_main()
I (101208) logger: EDF: 10 records (1.7 min)
I (201208) logger: EDF: 20 records (3.3 min)
I (301208) logger: EDF: 30 records (5.0 min)
I (401208) logger: EDF: 40 records (6.7 min)
I (501208) logger: EDF: 50 records (8.3 min)
I (601208) logger: EDF: 60 records (10.0 min)
I (701208) logger: EDF: 70 records (11.7 min)
I (801208) logger: EDF: 80 records (13.3 min)
I (901208) logger: EDF: 90 records (15.0 min)
I (1001208) logger: EDF: 100 records (16.7 min)
I (1101208) logger: EDF: 110 records (18.3 min)
I (1200348) display: Display asleep
I (1201428) logger: EDF: 120 records (20.0 min)
I (1301218) logger: EDF: 130 records (21.7 min)
I (1401218) logger: EDF: 140 records (23.3 min)
I (1501208) logger: EDF: 150 records (25.0 min)
I (1601208) logger: EDF: 160 records (26.7 min)
I (1701208) logger: EDF: 170 records (28.3 min)
I (1801208) logger: EDF: 180 records (30.0 min)
I (1901208) logger: EDF: 190 records (31.7 min)
I (2001208) logger: EDF: 200 records (33.3 min)
I (2101208) logger: EDF: 210 records (35.0 min)
I (2201208) logger: EDF: 220 records (36.7 min)
I (2301208) logger: EDF: 230 records (38.3 min)
I (2401208) logger: EDF: 240 records (40.0 min)
I (2501208) logger: EDF: 250 records (41.7 min)
I (2601208) logger: EDF: 260 records (43.3 min)
I (2701208) logger: EDF: 270 records (45.0 min)
I (2801208) logger: EDF: 280 records (46.7 min)
I (2901208) logger: EDF: 290 records (48.3 min)
I (3001208) logger: EDF: 300 records (50.0 min)
I (3101208) logger: EDF: 310 records (51.7 min)
I (3201218) logger: EDF: 320 records (53.3 min)
I (3301288) logger: EDF: 330 records (55.0 min)
I (3401218) logger: EDF: 340 records (56.7 min)
I (3501218) logger: EDF: 350 records (58.3 min)
I (3601218) logger: EDF: 360 records (60.0 min)
I (3701218) logger: EDF: 370 records (61.7 min)
I (3801218) logger: EDF: 380 records (63.3 min)
I (3901208) logger: EDF: 390 records (65.0 min)
I (4001208) logger: EDF: 400 records (66.7 min)
I (4101208) logger: EDF: 410 records (68.3 min)
I (4201228) logger: EDF: 420 records (70.0 min)
I (4301368) logger: EDF: 430 records (71.7 min)
I (4401208) logger: EDF: 440 records (73.3 min)
I (4501218) logger: EDF: 450 records (75.0 min)
I (4601218) logger: EDF: 460 records (76.7 min)
I (4701218) logger: EDF: 470 records (78.3 min)
I (4801218) logger: EDF: 480 records (80.0 min)
I (4901218) logger: EDF: 490 records (81.7 min)
I (5001218) logger: EDF: 500 records (83.3 min)
I (5101218) logger: EDF: 510 records (85.0 min)
I (5201218) logger: EDF: 520 records (86.7 min)
I (5301218) logger: EDF: 530 records (88.3 min)
I (5401218) logger: EDF: 540 records (90.0 min)
I (5501218) logger: EDF: 550 records (91.7 min)
I (5601218) logger: EDF: 560 records (93.3 min)
I (5701218) logger: EDF: 570 records (95.0 min)
I (5801218) logger: EDF: 580 records (96.7 min)
I (5901218) logger: EDF: 590 records (98.3 min)
I (6001218) logger: EDF: 600 records (100.0 min)
I (6101218) logger: EDF: 610 records (101.7 min)
I (6201218) logger: EDF: 620 records (103.3 min)
I (6301218) logger: EDF: 630 records (105.0 min)
I (6401218) logger: EDF: 640 records (106.7 min)
I (6501218) logger: EDF: 650 records (108.3 min)
I (6601218) logger: EDF: 660 records (110.0 min)
I (6701218) logger: EDF: 670 records (111.7 min)
I (6801218) logger: EDF: 680 records (113.3 min)
I (6901538) logger: EDF: 690 records (115.0 min)
I (7001218) logger: EDF: 700 records (116.7 min)
I (7101228) logger: EDF: 710 records (118.3 min)
I (7201218) logger: EDF: 720 records (120.0 min)
I (7301218) logger: EDF: 730 records (121.7 min)
I (7401218) logger: EDF: 740 records (123.3 min)
I (7501218) logger: EDF: 750 records (125.0 min)
I (7601218) logger: EDF: 760 records (126.7 min)
I (7701218) logger: EDF: 770 records (128.3 min)
I (7801218) logger: EDF: 780 records (130.0 min)
I (7901218) logger: EDF: 790 records (131.7 min)
I (8001218) logger: EDF: 800 records (133.3 min)
I (8101218) logger: EDF: 810 records (135.0 min)
I (8201218) logger: EDF: 820 records (136.7 min)
I (8301218) logger: EDF: 830 records (138.3 min)
I (8401218) logger: EDF: 840 records (140.0 min)
I (8501228) logger: EDF: 850 records (141.7 min)
I (8601218) logger: EDF: 860 records (143.3 min)
I (8701218) logger: EDF: 870 records (145.0 min)
I (8801218) logger: EDF: 880 records (146.7 min)
I (8901228) logger: EDF: 890 records (148.3 min)
I (9001228) logger: EDF: 900 records (150.0 min)
I (9101218) logger: EDF: 910 records (151.7 min)
I (9201218) logger: EDF: 920 records (153.3 min)
I (9301218) logger: EDF: 930 records (155.0 min)
I (9401218) logger: EDF: 940 records (156.7 min)
I (9501218) logger: EDF: 950 records (158.3 min)
I (9601218) logger: EDF: 960 records (160.0 min)
I (9701218) logger: EDF: 970 records (161.7 min)
I (9801218) logger: EDF: 980 records (163.3 min)
I (9901218) logger: EDF: 990 records (165.0 min)
I (10001218) logger: EDF: 1000 records (166.7 min)
I (10101218) logger: EDF: 1010 records (168.3 min)
I (10201218) logger: EDF: 1020 records (170.0 min)
I (10301218) logger: EDF: 1030 records (171.7 min)
I (10401228) logger: EDF: 1040 records (173.3 min)
I (10501218) logger: EDF: 1050 records (175.0 min)
I (10601218) logger: EDF: 1060 records (176.7 min)
I (10701218) logger: EDF: 1070 records (178.3 min)
I (10801228) logger: EDF: 1080 records (180.0 min)
I (10901228) logger: EDF: 1090 records (181.7 min)
I (11001228) logger: EDF: 1100 records (183.3 min)
I (11101228) logger: EDF: 1110 records (185.0 min)
I (11201228) logger: EDF: 1120 records (186.7 min)
I (11301228) logger: EDF: 1130 records (188.3 min)
I (11401228) logger: EDF: 1140 records (190.0 min)
I (11501228) logger: EDF: 1150 records (191.7 min)
I (11601218) logger: EDF: 1160 records (193.3 min)
I (11701218) logger: EDF: 1170 records (195.0 min)
I (11801228) logger: EDF: 1180 records (196.7 min)
I (11901228) logger: EDF: 1190 records (198.3 min)
I (12001228) logger: EDF: 1200 records (200.0 min)
I (12101228) logger: EDF: 1210 records (201.7 min)
I (12201228) logger: EDF: 1220 records (203.3 min)
I (12301228) logger: EDF: 1230 records (205.0 min)
I (12401228) logger: EDF: 1240 records (206.7 min)
I (12501228) logger: EDF: 1250 records (208.3 min)
I (12601398) logger: EDF: 1260 records (210.0 min)
I (12701228) logger: EDF: 1270 records (211.7 min)
I (12801228) logger: EDF: 1280 records (213.3 min)
I (12901228) logger: EDF: 1290 records (215.0 min)
I (13001228) logger: EDF: 1300 records (216.7 min)
I (13101228) logger: EDF: 1310 records (218.3 min)
I (13201228) logger: EDF: 1320 records (220.0 min)
I (13301228) logger: EDF: 1330 records (221.7 min)
I (13401228) logger: EDF: 1340 records (223.3 min)
I (13501228) logger: EDF: 1350 records (225.0 min)
I (13601228) logger: EDF: 1360 records (226.7 min)
I (13701228) logger: EDF: 1370 records (228.3 min)
I (13801228) logger: EDF: 1380 records (230.0 min)
I (13901228) logger: EDF: 1390 records (231.7 min)
I (14001228) logger: EDF: 1400 records (233.3 min)
